// Jest Snapshot v1, https://goo.gl/fbAQLP

exports[`renders corretly 1`] = `
<div>
  <h1>
    Home page
  </h1>
  <Button
    primary={true}
  >
    Primary Button
  </Button>
  <Button
    secondary={true}
  >
    Secondary Button
  </Button>
  <Link
    to="/feed"
  >
    Go to feed
  </Link>
</div>
`;
